../Core/Src/main.c:97:6:HAL_UART_RxCpltCallback	16	static
../Core/Src/main.c:146:9:hex_to_char	24	static
../Core/Src/main.c:156:6:char_to_hex	32	static
../Core/Src/main.c:169:6:StrTo	16	static
../Core/Src/main.c:192:6:ToStr	24	static
../Core/Src/main.c:234:6:led	24	static
../Core/Src/main.c:244:5:main	8	static
../Core/Src/main.c:367:6:SystemClock_Config	88	static
../Core/Src/main.c:412:13:MX_SPI2_Init	8	static
../Core/Src/main.c:435:13:MX_USART1_UART_Init	8	static
../Core/Src/main.c:460:13:MX_GPIO_Init	40	static
../Core/Src/main.c:504:1:__io_putchar	16	static
../Core/Src/main.c:518:6:Error_Handler	4	static
